I'm sorry, but errors were detected in your script. Please correct the
errors listed below, and try again.


File "game/script.rpy", line 55: expected statement.
    config.rollback_enabled =False
                            ^

Ren'Py Version: Ren'Py 8.2.1.24030407
Tue Jun 11 01:45:00 2024
